// Jest Snapshot v1, https://goo.gl/fbAQLP

exports[`rest api post endpoints should fail with invalid event 1`] = `
Object {
  "errorMessage": "Validation error: Required at \\"manufacturerDataBase64\\"",
  "issues": Array [
    Object {
      "code": "invalid_type",
      "expected": "string",
      "message": "Required",
      "path": Array [
        "manufacturerDataBase64",
      ],
      "received": "undefined",
    },
  ],
}
`;

exports[`rest api post endpoints should fail with invalid event 2`] = `
Object {
  "errorMessage": "Validation error",
}
`;

exports[`rest api post endpoints should fail with invalid event 3`] = `
Object {
  "errorMessage": "Validation error",
}
`;
